// Vitest Snapshot v1, https://vitest.dev/guide/snapshot.html

exports[`SayHelloYoshio 1`] = `"<div>Hello, Yoshio!</div>"`;
